###############################################################################
#
# IAR ELF Linker V8.40.1.212/W32 for ARM                  27/Oct/2019  17:52:07
# Copyright 2007-2019 IAR Systems AB.
#
#    Output file  =
#        C:\UW_Workspace\embsys100\assignment3\BlinkingLED\EWARM\BlinkingLED\Exe\BlinkingLED.out
#    Map file     =
#        C:\UW_Workspace\embsys100\assignment3\BlinkingLED\EWARM\BlinkingLED\List\BlinkingLED.map
#    Command line =
#        -f C:\Users\Admin\AppData\Local\Temp\EW9DB0.tmp
#        (C:\UW_Workspace\embsys100\assignment3\BlinkingLED\EWARM\BlinkingLED\Obj\main.o
#        C:\UW_Workspace\embsys100\assignment3\BlinkingLED\EWARM\BlinkingLED\Obj\startup_stm32f401xe.o
#        C:\UW_Workspace\embsys100\assignment3\BlinkingLED\EWARM\BlinkingLED\Obj\stm32f4xx_hal.o
#        C:\UW_Workspace\embsys100\assignment3\BlinkingLED\EWARM\BlinkingLED\Obj\stm32f4xx_hal_cortex.o
#        C:\UW_Workspace\embsys100\assignment3\BlinkingLED\EWARM\BlinkingLED\Obj\stm32f4xx_hal_dma.o
#        C:\UW_Workspace\embsys100\assignment3\BlinkingLED\EWARM\BlinkingLED\Obj\stm32f4xx_hal_dma_ex.o
#        C:\UW_Workspace\embsys100\assignment3\BlinkingLED\EWARM\BlinkingLED\Obj\stm32f4xx_hal_flash.o
#        C:\UW_Workspace\embsys100\assignment3\BlinkingLED\EWARM\BlinkingLED\Obj\stm32f4xx_hal_flash_ex.o
#        C:\UW_Workspace\embsys100\assignment3\BlinkingLED\EWARM\BlinkingLED\Obj\stm32f4xx_hal_flash_ramfunc.o
#        C:\UW_Workspace\embsys100\assignment3\BlinkingLED\EWARM\BlinkingLED\Obj\stm32f4xx_hal_gpio.o
#        C:\UW_Workspace\embsys100\assignment3\BlinkingLED\EWARM\BlinkingLED\Obj\stm32f4xx_hal_msp.o
#        C:\UW_Workspace\embsys100\assignment3\BlinkingLED\EWARM\BlinkingLED\Obj\stm32f4xx_hal_pwr.o
#        C:\UW_Workspace\embsys100\assignment3\BlinkingLED\EWARM\BlinkingLED\Obj\stm32f4xx_hal_pwr_ex.o
#        C:\UW_Workspace\embsys100\assignment3\BlinkingLED\EWARM\BlinkingLED\Obj\stm32f4xx_hal_rcc.o
#        C:\UW_Workspace\embsys100\assignment3\BlinkingLED\EWARM\BlinkingLED\Obj\stm32f4xx_hal_rcc_ex.o
#        C:\UW_Workspace\embsys100\assignment3\BlinkingLED\EWARM\BlinkingLED\Obj\stm32f4xx_hal_tim.o
#        C:\UW_Workspace\embsys100\assignment3\BlinkingLED\EWARM\BlinkingLED\Obj\stm32f4xx_hal_tim_ex.o
#        C:\UW_Workspace\embsys100\assignment3\BlinkingLED\EWARM\BlinkingLED\Obj\stm32f4xx_hal_uart.o
#        C:\UW_Workspace\embsys100\assignment3\BlinkingLED\EWARM\BlinkingLED\Obj\stm32f4xx_it.o
#        C:\UW_Workspace\embsys100\assignment3\BlinkingLED\EWARM\BlinkingLED\Obj\system_stm32f4xx.o
#        --redirect _Printf=_PrintfFull --redirect _Scanf=_ScanfFull
#        --no_out_extension -o
#        C:\UW_Workspace\embsys100\assignment3\BlinkingLED\EWARM\BlinkingLED\Exe\BlinkingLED.out
#        --map
#        C:\UW_Workspace\embsys100\assignment3\BlinkingLED\EWARM\BlinkingLED\List\BlinkingLED.map
#        --config
#        C:\UW_Workspace\embsys100\assignment3\BlinkingLED\EWARM/stm32f401xe_flash.icf
#        --semihosting --entry __iar_program_start --vfe --text_out locale)
#
###############################################################################

*******************************************************************************
*** RUNTIME MODEL ATTRIBUTES
***

CppFlavor       = *
__SystemLibrary = DLib
__dlib_version  = 6


*******************************************************************************
*** HEAP SELECTION
***

The basic heap was selected because some modules are built with
size limitations (and not runtime checking), and --advanced_heap
was not specified.


*******************************************************************************
*** PLACEMENT SUMMARY
***

"A0":  place at address 0x800'0000 { ro section .intvec };
"P1":  place in [from 0x800'0000 to 0x807'ffff] { ro };
define block CSTACK with size = 1K, alignment = 8 { };
define block HEAP with size = 512, alignment = 8 { };
"P2":  place in [from 0x2000'0000 to 0x2001'7fff] {
          rw, block CSTACK, block HEAP };
initialize by copy { rw };

  Section            Kind         Address    Size  Object
  -------            ----         -------    ----  ------
"A0":                                       0x194
  .intvec            ro code   0x800'0000   0x194  startup_stm32f401xe.o [1]
                             - 0x800'0194   0x194

"P1":                                      0x10ed
  .text              ro code   0x800'0194   0x2fc  main.o [1]
  .text              ro code   0x800'0490    0x34  stm32f4xx_hal.o [1]
  .text              ro code   0x800'04c4   0x1c4  stm32f4xx_hal_gpio.o [1]
  .text              ro code   0x800'0688   0x1fc  stm32f4xx_hal_uart.o [1]
  .text              ro code   0x800'0884   0x2d0  stm32f4xx_hal_rcc.o [1]
  .text              ro code   0x800'0b54   0x1ac  stm32f4xx_hal_rcc.o [1]
  .text              ro code   0x800'0d00    0xca  stm32f4xx_hal_cortex.o [1]
  .text              ro code   0x800'0dcc    0x40  stm32f4xx_hal.o [1]
  .text              ro code   0x800'0e0c    0xe0  stm32f4xx_hal_msp.o [1]
  .text              ro code   0x800'0eec     0xc  stm32f4xx_hal.o [1]
  .text              ro code   0x800'0ef8   0x106  I64DivMod_small.o [4]
  .text              ro code   0x800'1000     0x2  I64DivZer.o [4]
  .text              ro code   0x800'1004    0x60  system_stm32f4xx.o [1]
  .text              ro code   0x800'1064    0x38  packbits_init_single.o [4]
  .text              ro code   0x800'109c    0x28  data_init.o [4]
  .text              ro code   0x800'10c4    0x22  fpinit_M.o [3]
  .iar.init_table    const     0x800'10e8    0x10  - Linker created -
  .text              ro code   0x800'10f8    0x1e  stm32f4xx_it.o [1]
  .text              ro code   0x800'1118    0x10  stm32f4xx_hal.o [1]
  .text              ro code   0x800'1128    0x1e  cmain.o [4]
  .text              ro code   0x800'1146     0x4  low_level_init.o [2]
  .text              ro code   0x800'114a     0x4  exit.o [2]
  .text              ro code   0x800'1150     0xa  cexit.o [4]
  .text              ro code   0x800'115c    0x14  exit.o [5]
  .text              ro code   0x800'1170    0x10  startup_stm32f401xe.o [1]
  .text              ro code   0x800'1180     0xc  cstartup_M.o [4]
  .rodata            const     0x800'118c     0x8  system_stm32f4xx.o [1]
  .text              ro code   0x800'1194     0x4  startup_stm32f401xe.o [1]
  .text              ro code   0x800'1198     0x4  startup_stm32f401xe.o [1]
  .text              ro code   0x800'119c     0x4  startup_stm32f401xe.o [1]
  .text              ro code   0x800'11a0     0x4  startup_stm32f401xe.o [1]
  .text              ro code   0x800'11a4     0x4  startup_stm32f401xe.o [1]
  .text              ro code   0x800'11a8     0x4  startup_stm32f401xe.o [1]
  .text              ro code   0x800'11ac     0x4  startup_stm32f401xe.o [1]
  .text              ro code   0x800'11b0     0x4  startup_stm32f401xe.o [1]
  .text              ro code   0x800'11b4     0x4  startup_stm32f401xe.o [1]
  .text              ro code   0x800'11b8     0x4  startup_stm32f401xe.o [1]
  .text              ro code   0x800'11bc     0x4  startup_stm32f401xe.o [1]
  .text              ro code   0x800'11c0     0x4  startup_stm32f401xe.o [1]
  .text              ro code   0x800'11c4     0x4  startup_stm32f401xe.o [1]
  .text              ro code   0x800'11c8     0x4  startup_stm32f401xe.o [1]
  .text              ro code   0x800'11cc     0x4  startup_stm32f401xe.o [1]
  .text              ro code   0x800'11d0     0x4  startup_stm32f401xe.o [1]
  .text              ro code   0x800'11d4     0x4  startup_stm32f401xe.o [1]
  .text              ro code   0x800'11d8     0x4  startup_stm32f401xe.o [1]
  .text              ro code   0x800'11dc     0x4  startup_stm32f401xe.o [1]
  .text              ro code   0x800'11e0     0x4  startup_stm32f401xe.o [1]
  .text              ro code   0x800'11e4     0x4  startup_stm32f401xe.o [1]
  .text              ro code   0x800'11e8     0x4  startup_stm32f401xe.o [1]
  .text              ro code   0x800'11ec     0x4  startup_stm32f401xe.o [1]
  .text              ro code   0x800'11f0     0x4  startup_stm32f401xe.o [1]
  .text              ro code   0x800'11f4     0x4  startup_stm32f401xe.o [1]
  .text              ro code   0x800'11f8     0x4  startup_stm32f401xe.o [1]
  .text              ro code   0x800'11fc     0x4  startup_stm32f401xe.o [1]
  .text              ro code   0x800'1200     0x4  startup_stm32f401xe.o [1]
  .text              ro code   0x800'1204     0x4  startup_stm32f401xe.o [1]
  .text              ro code   0x800'1208     0x4  startup_stm32f401xe.o [1]
  .text              ro code   0x800'120c     0x4  startup_stm32f401xe.o [1]
  .text              ro code   0x800'1210     0x4  startup_stm32f401xe.o [1]
  .text              ro code   0x800'1214     0x4  startup_stm32f401xe.o [1]
  .text              ro code   0x800'1218     0x4  startup_stm32f401xe.o [1]
  .text              ro code   0x800'121c     0x4  startup_stm32f401xe.o [1]
  .text              ro code   0x800'1220     0x4  startup_stm32f401xe.o [1]
  .text              ro code   0x800'1224     0x4  startup_stm32f401xe.o [1]
  .text              ro code   0x800'1228     0x4  startup_stm32f401xe.o [1]
  .text              ro code   0x800'122c     0x4  startup_stm32f401xe.o [1]
  .text              ro code   0x800'1230     0x4  startup_stm32f401xe.o [1]
  .text              ro code   0x800'1234     0x4  startup_stm32f401xe.o [1]
  .text              ro code   0x800'1238     0x4  startup_stm32f401xe.o [1]
  .text              ro code   0x800'123c     0x4  startup_stm32f401xe.o [1]
  .text              ro code   0x800'1240     0x4  startup_stm32f401xe.o [1]
  .text              ro code   0x800'1244     0x4  startup_stm32f401xe.o [1]
  .text              ro code   0x800'1248     0x4  startup_stm32f401xe.o [1]
  .text              ro code   0x800'124c     0x4  startup_stm32f401xe.o [1]
  .text              ro code   0x800'1250     0x4  startup_stm32f401xe.o [1]
  .text              ro code   0x800'1254     0x4  startup_stm32f401xe.o [1]
  .text              ro code   0x800'1258     0x4  startup_stm32f401xe.o [1]
  .text              ro code   0x800'125c     0x4  startup_stm32f401xe.o [1]
  .text              ro code   0x800'1260     0x4  startup_stm32f401xe.o [1]
  .text              ro code   0x800'1264     0x4  startup_stm32f401xe.o [1]
  .text              ro code   0x800'1268     0x4  startup_stm32f401xe.o [1]
  .text              ro code   0x800'126c     0x4  startup_stm32f401xe.o [1]
  .text              ro code   0x800'1270     0x4  startup_stm32f401xe.o [1]
  .rodata            const     0x800'1274     0x0  packbits_init_single.o [4]
  Initializer bytes  const     0x800'1274     0xd  <for P2-1>
                             - 0x800'1281  0x10ed

"P2", part 1 of 2:                           0x50
  P2-1                        0x2000'0000    0x50  <Init block>
    .data            inited   0x2000'0000     0xc  stm32f4xx_hal.o [1]
    .data            inited   0x2000'000c     0x4  system_stm32f4xx.o [1]
    .bss             inited   0x2000'0010    0x40  main.o [1]
                            - 0x2000'0050    0x50

"P2", part 2 of 2:                          0x400
  CSTACK                      0x2000'0050   0x400  <Block>
    CSTACK           uninit   0x2000'0050   0x400  <Block tail>
                            - 0x2000'0450   0x400

Unused ranges:

         From           To      Size
         ----           --      ----
   0x800'1281   0x807'ffff  0x7'ed7f
  0x2000'0450  0x2001'7fff  0x1'7bb0


*******************************************************************************
*** INIT TABLE
***

          Address      Size
          -------      ----
Copy/packbits (__iar_packbits_init_single3)
    1 source range, total size 0xd (16% of destination):
           0x800'1274   0xd
    1 destination range, total size 0x50:
          0x2000'0000  0x50



*******************************************************************************
*** MODULE SUMMARY
***

    Module                  ro code  ro data  rw data
    ------                  -------  -------  -------
command line/config:
    -------------------------------------------------
    Total:

C:\UW_Workspace\embsys100\assignment3\BlinkingLED\EWARM\BlinkingLED\Obj: [1]
    main.o                      764       11       64
    startup_stm32f401xe.o       644
    stm32f4xx_hal.o             144        1       12
    stm32f4xx_hal_cortex.o      202
    stm32f4xx_hal_gpio.o        452
    stm32f4xx_hal_msp.o         224
    stm32f4xx_hal_rcc.o       1'148
    stm32f4xx_hal_uart.o        508
    stm32f4xx_it.o               30
    system_stm32f4xx.o           96        9        4
    -------------------------------------------------
    Total:                    4'212       21       80

dl7M_tlf.a: [2]
    exit.o                        4
    low_level_init.o              4
    -------------------------------------------------
    Total:                        8

m7M_tls.a: [3]
    fpinit_M.o                   34
    -------------------------------------------------
    Total:                       34

rt7M_tl.a: [4]
    I64DivMod_small.o           262
    I64DivZer.o                   2
    cexit.o                      10
    cmain.o                      30
    cstartup_M.o                 12
    data_init.o                  40
    packbits_init_single.o       56
    -------------------------------------------------
    Total:                      412

shb_l.a: [5]
    exit.o                       20
    -------------------------------------------------
    Total:                       20

    Gaps                         12        2
    Linker created                        16    1'024
-----------------------------------------------------
    Grand Total:              4'698       39    1'104


*******************************************************************************
*** ENTRY LIST
***

Entry                       Address   Size  Type      Object
-----                       -------   ----  ----      ------
.iar.init_table$$Base    0x800'10e8          --   Gb  - Linker created -
.iar.init_table$$Limit   0x800'10f8          --   Gb  - Linker created -
?main                    0x800'1129         Code  Gb  cmain.o [4]
AHBPrescTable            0x800'1054   0x10  Data  Gb  system_stm32f4xx.o [1]
APBPrescTable            0x800'118c    0x8  Data  Gb  system_stm32f4xx.o [1]
BusFault_Handler         0x800'10ff    0x2  Code  Gb  stm32f4xx_it.o [1]
CSTACK$$Base            0x2000'0050          --   Gb  - Linker created -
CSTACK$$Limit           0x2000'0450          --   Gb  - Linker created -
DebugMon_Handler         0x800'1105    0x2  Code  Gb  stm32f4xx_it.o [1]
HAL_GPIO_Init            0x800'04c5  0x194  Code  Gb  stm32f4xx_hal_gpio.o [1]
HAL_GPIO_TogglePin       0x800'0661    0x8  Code  Gb  stm32f4xx_hal_gpio.o [1]
HAL_GPIO_WritePin        0x800'0659    0x8  Code  Gb  stm32f4xx_hal_gpio.o [1]
HAL_GetTick              0x800'0eed    0xc  Code  Wk  stm32f4xx_hal.o [1]
HAL_IncTick              0x800'1119   0x10  Code  Wk  stm32f4xx_hal.o [1]
HAL_Init                 0x800'0491   0x30  Code  Gb  stm32f4xx_hal.o [1]
HAL_InitTick             0x800'0dcd   0x40  Code  Wk  stm32f4xx_hal.o [1]
HAL_MspInit              0x800'0e0d   0x8e  Code  Gb  stm32f4xx_hal_msp.o [1]
HAL_NVIC_SetPriority     0x800'0d35   0x3a  Code  Gb  stm32f4xx_hal_cortex.o [1]
HAL_NVIC_SetPriorityGrouping
                         0x800'0d1b   0x1a  Code  Gb  stm32f4xx_hal_cortex.o [1]
HAL_RCC_ClockConfig      0x800'0b55   0xfe  Code  Gb  stm32f4xx_hal_rcc.o [1]
HAL_RCC_GetHCLKFreq      0x800'0c5f    0x6  Code  Gb  stm32f4xx_hal_rcc.o [1]
HAL_RCC_GetPCLK1Freq     0x800'0c65   0x10  Code  Gb  stm32f4xx_hal_rcc.o [1]
HAL_RCC_GetPCLK2Freq     0x800'0c75    0xe  Code  Gb  stm32f4xx_hal_rcc.o [1]
HAL_RCC_OscConfig        0x800'0885  0x2d0  Code  Wk  stm32f4xx_hal_rcc.o [1]
HAL_SYSTICK_CLKSourceConfig
                         0x800'0d97   0x1a  Code  Gb  stm32f4xx_hal_cortex.o [1]
HAL_SYSTICK_Config       0x800'0d6f   0x28  Code  Gb  stm32f4xx_hal_cortex.o [1]
HAL_SYSTICK_IRQHandler   0x800'0dc5    0x4  Code  Gb  stm32f4xx_hal_cortex.o [1]
HAL_UART_Init            0x800'0689   0x1e  Code  Gb  stm32f4xx_hal_uart.o [1]
HAL_UART_MspInit         0x800'0e9b   0x44  Code  Gb  stm32f4xx_hal_msp.o [1]
HardFault_Handler        0x800'10fb    0x2  Code  Gb  stm32f4xx_it.o [1]
MemManage_Handler        0x800'10fd    0x2  Code  Gb  stm32f4xx_it.o [1]
NMI_Handler              0x800'10f9    0x2  Code  Gb  stm32f4xx_it.o [1]
NVIC_SetPriority         0x800'0d01   0x1a  Code  Lc  stm32f4xx_hal_cortex.o [1]
PendSV_Handler           0x800'1107    0x2  Code  Gb  stm32f4xx_it.o [1]
Region$$Table$$Base      0x800'10e8          --   Gb  - Linker created -
Region$$Table$$Limit     0x800'10f8          --   Gb  - Linker created -
SVC_Handler              0x800'1103    0x2  Code  Gb  stm32f4xx_it.o [1]
SysTick_Handler          0x800'1109    0xe  Code  Gb  stm32f4xx_it.o [1]
SystemClock_Config       0x800'0277   0xae  Code  Gb  main.o [1]
SystemCoreClock         0x2000'000c    0x4  Data  Gb  system_stm32f4xx.o [1]
SystemInit               0x800'1005   0x3a  Code  Gb  system_stm32f4xx.o [1]
UART_SetConfig           0x800'06ff  0x13e  Code  Lc  stm32f4xx_hal_uart.o [1]
UsageFault_Handler       0x800'1101    0x2  Code  Gb  stm32f4xx_it.o [1]
__aeabi_ldiv0            0x800'1001         Code  Gb  I64DivZer.o [4]
__cmain                  0x800'1129         Code  Gb  cmain.o [4]
__exit                   0x800'115d   0x14  Code  Gb  exit.o [5]
__iar_data_init3         0x800'109d   0x28  Code  Gb  data_init.o [4]
__iar_init_vfp           0x800'10c5         Code  Gb  fpinit_M.o [3]
__iar_packbits_init_single3
                         0x800'1065   0x38  Code  Gb  packbits_init_single.o [4]
__iar_program_start      0x800'1181         Code  Gb  cstartup_M.o [4]
__iar_small_uldivmod     0x800'0ef9         Code  Gb  I64DivMod_small.o [4]
__low_level_init         0x800'1147    0x4  Code  Gb  low_level_init.o [2]
__vector_table           0x800'0000         Data  Gb  startup_stm32f401xe.o [1]
_call_main               0x800'1135         Code  Gb  cmain.o [4]
_exit                    0x800'1151         Code  Gb  cexit.o [4]
_main                    0x800'1143         Code  Gb  cmain.o [4]
blinkLetter              0x800'033d   0xe8  Code  Gb  main.o [1]
doDashBlink              0x800'0425   0x18  Code  Gb  main.o [1]
doDotBlink               0x800'043d   0x1a  Code  Gb  main.o [1]
exit                     0x800'114b    0x4  Code  Gb  exit.o [2]
huart2                  0x2000'0010   0x40  Data  Gb  main.o [1]
main                     0x800'0195   0xe2  Code  Gb  main.o [1]
uwTick                  0x2000'0004    0x4  Data  Gb  stm32f4xx_hal.o [1]
uwTickFreq              0x2000'0000    0x1  Data  Gb  stm32f4xx_hal.o [1]
uwTickPrio              0x2000'0008    0x4  Data  Gb  stm32f4xx_hal.o [1]
wait                     0x800'0325   0x16  Code  Gb  main.o [1]


[1] = C:\UW_Workspace\embsys100\assignment3\BlinkingLED\EWARM\BlinkingLED\Obj
[2] = dl7M_tlf.a
[3] = m7M_tls.a
[4] = rt7M_tl.a
[5] = shb_l.a

  4'698 bytes of readonly  code memory
     39 bytes of readonly  data memory
  1'104 bytes of readwrite data memory

Errors: none
Warnings: none
